// Jest Snapshot v1, https://goo.gl/fbAQLP

exports[`Icon renders successfully and matches snapshot 1`] = `
<span
  className="css-rb7dt2"
  color="black"
  fontSize={10}
  name="triangleRight"
  onClick={[Function]}
>
  Here is a right triangle with toggle-able content.
</span>
`;
